Picked up JAVA_TOOL_OPTIONS: -javaagent:/skywalking/agent/skywalking-agent.jar
DEBUG 2026-03-18 08:48:42:579 main AgentPackagePath : The beacon class location is jar:file:/skywalking/agent/skywalking-agent.jar!/org/apache/skywalking/apm/agent/core/boot/AgentPackagePath.class. 
INFO 2026-03-18 08:48:42:581 main SnifferConfigInitializer : Config file found in /skywalking/agent/config/agent.config. 

  .   ____          _            __ _ _
 /\\ / ___'_ __ _ _(_)_ __  __ _ \ \ \ \
( ( )\___ | '_ | '_| | '_ \/ _` | \ \ \ \
 \\/  ___)| |_)| | | | | || (_| |  ) ) ) )
  '  |____| .__|_| |_|_| |_\__, | / / / /
 =========|_|==============|___/=/_/_/_/
 :: Spring Boot ::       (v2.3.12.RELEASE)

2026-03-18 08:49:35.566  INFO 1 --- [           main] order.OrderApplication                   : No active profile set, falling back to default profiles: default
2026-03-18 08:49:53.970  INFO 1 --- [           main] .s.d.r.c.RepositoryConfigurationDelegate : Bootstrapping Spring Data JPA repositories in DEFAULT mode.
2026-03-18 08:49:58.287  INFO 1 --- [           main] .s.d.r.c.RepositoryConfigurationDelegate : Finished Spring Data repository scanning in 4208ms. Found 1 JPA repository interfaces.
2026-03-18 08:49:59.386  WARN 1 --- [           main] o.s.boot.actuate.endpoint.EndpointId     : Endpoint ID 'service-registry' contains invalid characters, please migrate to a valid format.
2026-03-18 08:50:00.579  INFO 1 --- [           main] o.s.cloud.context.scope.GenericScope     : BeanFactory id=ef1d0b1a-8a17-36e7-a2b7-09241cd1da3b
2026-03-18 08:50:00.871  INFO 1 --- [           main] faultConfiguringBeanFactoryPostProcessor : No bean named 'errorChannel' has been explicitly defined. Therefore, a default PublishSubscribeChannel will be created.
2026-03-18 08:50:01.078  INFO 1 --- [           main] faultConfiguringBeanFactoryPostProcessor : No bean named 'taskScheduler' has been explicitly defined. Therefore, a default ThreadPoolTaskScheduler will be created.
2026-03-18 08:50:01.091  INFO 1 --- [           main] faultConfiguringBeanFactoryPostProcessor : No bean named 'integrationHeaderChannelRegistry' has been explicitly defined. Therefore, a default DefaultHeaderChannelRegistry will be created.
2026-03-18 08:50:03.275  INFO 1 --- [           main] trationDelegate$BeanPostProcessorChecker : Bean 'org.springframework.security.access.expression.method.DefaultMethodSecurityExpressionHandler@5939f047' of type [org.springframework.security.access.expression.method.DefaultMethodSecurityExpressionHandler] is not eligible for getting processed by all BeanPostProcessors (for example: not eligible for auto-proxying)
2026-03-18 08:50:03.366  INFO 1 --- [           main] trationDelegate$BeanPostProcessorChecker : Bean 'methodSecurityMetadataSource' of type [org.springframework.security.access.method.DelegatingMethodSecurityMetadataSource] is not eligible for getting processed by all BeanPostProcessors (for example: not eligible for auto-proxying)
2026-03-18 08:50:03.671  INFO 1 --- [           main] trationDelegate$BeanPostProcessorChecker : Bean 'org.springframework.integration.config.IntegrationManagementConfiguration' of type [org.springframework.integration.config.IntegrationManagementConfiguration] is not eligible for getting processed by all BeanPostProcessors (for example: not eligible for auto-proxying)
2026-03-18 08:50:04.475  INFO 1 --- [           main] trationDelegate$BeanPostProcessorChecker : Bean 'integrationChannelResolver' of type [org.springframework.integration.support.channel.BeanFactoryChannelResolver] is not eligible for getting processed by all BeanPostProcessors (for example: not eligible for auto-proxying)
2026-03-18 08:50:04.568  INFO 1 --- [           main] trationDelegate$BeanPostProcessorChecker : Bean 'integrationDisposableAutoCreatedBeans' of type [org.springframework.integration.config.annotation.Disposables] is not eligible for getting processed by all BeanPostProcessors (for example: not eligible for auto-proxying)
2026-03-18 08:50:16.173  INFO 1 --- [           main] o.s.b.w.embedded.tomcat.TomcatWebServer  : Tomcat initialized with port(s): 12031 (http)
2026-03-18 08:50:16.379  INFO 1 --- [           main] o.apache.catalina.core.StandardService   : Starting service [Tomcat]
2026-03-18 08:50:16.379  INFO 1 --- [           main] org.apache.catalina.core.StandardEngine  : Starting Servlet engine: [Apache Tomcat/9.0.46]
2026-03-18 08:50:16.868  INFO 1 --- [           main] o.a.c.c.C.[Tomcat].[localhost].[/]       : Initializing Spring embedded WebApplicationContext
2026-03-18 08:50:16.868  INFO 1 --- [           main] w.s.c.ServletWebServerApplicationContext : Root WebApplicationContext: initialization completed in 40882 ms
2026-03-18 08:50:31.196  INFO 1 --- [           main] o.hibernate.jpa.internal.util.LogHelper  : HHH000204: Processing PersistenceUnitInfo [name: default]
2026-03-18 08:50:31.574  INFO 1 --- [           main] org.hibernate.Version                    : HHH000412: Hibernate ORM core version 5.4.32.Final
2026-03-18 08:50:33.315  INFO 1 --- [           main] o.hibernate.annotations.common.Version   : HCANN000001: Hibernate Commons Annotations {5.1.2.Final}
2026-03-18 08:50:34.098  INFO 1 --- [           main] com.zaxxer.hikari.HikariDataSource       : HikariPool-1 - Starting...
2026-03-18 08:50:37.402  INFO 1 --- [           main] com.zaxxer.hikari.HikariDataSource       : HikariPool-1 - Start completed.
2026-03-18 08:50:37.772  INFO 1 --- [           main] org.hibernate.dialect.Dialect            : HHH000400: Using dialect: org.hibernate.dialect.MySQL5Dialect
2026-03-18 08:50:44.073  INFO 1 --- [           main] o.h.e.t.j.p.i.JtaPlatformInitiator       : HHH000490: Using JtaPlatform implementation: [org.hibernate.engine.transaction.jta.platform.internal.NoJtaPlatform]
2026-03-18 08:50:44.171  INFO 1 --- [           main] j.LocalContainerEntityManagerFactoryBean : Initialized JPA EntityManagerFactory for persistence unit 'default'
2026-03-18 08:50:55.975  WARN 1 --- [           main] JpaBaseConfiguration$JpaWebConfiguration : spring.jpa.open-in-view is enabled by default. Therefore, database queries may be performed during view rendering. Explicitly configure spring.jpa.open-in-view to disable this warning
2026-03-18 08:51:04.670  INFO 1 --- [           main] org.reflections.Reflections              : Reflections took 776 ms to scan 1 urls, producing 3 keys and 6 values 
2026-03-18 08:51:05.570  INFO 1 --- [           main] org.reflections.Reflections              : Reflections took 288 ms to scan 1 urls, producing 4 keys and 9 values 
2026-03-18 08:51:05.699  INFO 1 --- [           main] org.reflections.Reflections              : Reflections took 121 ms to scan 1 urls, producing 3 keys and 10 values 
2026-03-18 08:51:06.770  INFO 1 --- [           main] org.reflections.Reflections              : Reflections took 1066 ms to scan 159 urls, producing 0 keys and 0 values 
2026-03-18 08:51:06.886  INFO 1 --- [           main] org.reflections.Reflections              : Reflections took 116 ms to scan 1 urls, producing 1 keys and 5 values 
2026-03-18 08:51:07.068  INFO 1 --- [           main] org.reflections.Reflections              : Reflections took 176 ms to scan 1 urls, producing 1 keys and 7 values 
2026-03-18 08:51:07.171  INFO 1 --- [           main] org.reflections.Reflections              : Reflections took 97 ms to scan 1 urls, producing 2 keys and 8 values 
2026-03-18 08:51:07.982  INFO 1 --- [           main] org.reflections.Reflections              : Reflections took 806 ms to scan 159 urls, producing 0 keys and 0 values 
2026-03-18 08:51:14.467  INFO 1 --- [           main] o.s.b.a.e.web.EndpointLinksResolver      : Exposing 2 endpoint(s) beneath base path '/actuator'
2026-03-18 08:51:15.969  INFO 1 --- [           main] .s.s.UserDetailsServiceAutoConfiguration : 

Using generated security password: 9d4f75eb-72ca-4573-9086-f19b1b8fd6e7

2026-03-18 08:51:16.780  INFO 1 --- [           main] o.s.s.web.DefaultSecurityFilterChain     : Creating filter chain: any request, [org.springframework.security.web.context.request.async.WebAsyncManagerIntegrationFilter@1ecf19e8, org.springframework.security.web.context.SecurityContextPersistenceFilter@3341ba8e, org.springframework.security.web.header.HeaderWriterFilter@dcaa0e8, org.springframework.security.web.authentication.logout.LogoutFilter@31829b82, edu.fudan.common.security.jwt.JWTFilter@11d1c51a, org.springframework.security.web.savedrequest.RequestCacheAwareFilter@4295b0b8, org.springframework.security.web.servletapi.SecurityContextHolderAwareRequestFilter@2f84848e, org.springframework.security.web.authentication.AnonymousAuthenticationFilter@64d19dad, org.springframework.security.web.session.SessionManagementFilter@c7a7d3, org.springframework.security.web.access.ExceptionTranslationFilter@276961df, org.springframework.security.web.access.intercept.FilterSecurityInterceptor@1822f675]
2026-03-18 08:51:16.893  WARN 1 --- [           main] c.n.c.sources.URLConfigurationSource     : No URLs will be polled as dynamic configuration sources.
2026-03-18 08:51:16.893  INFO 1 --- [           main] c.n.c.sources.URLConfigurationSource     : To enable URLs as dynamic configuration sources, define System property archaius.configurationSource.additionalUrls or make config.properties available on classpath.
2026-03-18 08:51:16.971  WARN 1 --- [           main] c.n.c.sources.URLConfigurationSource     : No URLs will be polled as dynamic configuration sources.
2026-03-18 08:51:16.971  INFO 1 --- [           main] c.n.c.sources.URLConfigurationSource     : To enable URLs as dynamic configuration sources, define System property archaius.configurationSource.additionalUrls or make config.properties available on classpath.
2026-03-18 08:51:18.078  INFO 1 --- [           main] o.s.s.concurrent.ThreadPoolTaskExecutor  : Initializing ExecutorService 'applicationTaskExecutor'
2026-03-18 08:51:20.875  INFO 1 --- [           main] o.s.s.c.ThreadPoolTaskScheduler          : Initializing ExecutorService 'Nacos-Watch-Task-Scheduler'
2026-03-18 08:51:29.581  INFO 1 --- [           main] o.s.s.c.ThreadPoolTaskScheduler          : Initializing ExecutorService 'taskScheduler'
2026-03-18 08:51:30.580  INFO 1 --- [           main] o.s.i.endpoint.EventDrivenConsumer       : Adding {logging-channel-adapter:_org.springframework.integration.errorLogger} as a subscriber to the 'errorChannel' channel
2026-03-18 08:51:30.581  INFO 1 --- [           main] o.s.i.channel.PublishSubscribeChannel    : Channel 'application-1.errorChannel' has 1 subscriber(s).
2026-03-18 08:51:30.581  INFO 1 --- [           main] o.s.i.endpoint.EventDrivenConsumer       : started bean '_org.springframework.integration.errorLogger'
2026-03-18 08:51:31.574  INFO 1 --- [           main] o.s.b.w.embedded.tomcat.TomcatWebServer  : Tomcat started on port(s): 12031 (http) with context path ''
2026-03-18 08:51:31.872  INFO 1 --- [           main] c.a.c.n.registry.NacosServiceRegistry    : nacos registry, DEFAULT_GROUP ts-order-service 10.244.0.76:12031 register finished
2026-03-18 08:51:32.073  INFO 1 --- [           main] d.s.w.p.DocumentationPluginsBootstrapper : Context refreshed
2026-03-18 08:51:32.584  INFO 1 --- [           main] d.s.w.p.DocumentationPluginsBootstrapper : Found 1 custom documentation plugin(s)
2026-03-18 08:51:32.685  INFO 1 --- [           main] s.d.s.w.s.ApiListingReferenceScanner     : Scanning for api listing references
2026-03-18 08:51:34.775  INFO 1 --- [           main] .d.s.w.r.o.CachingOperationNameGenerator : Generating unique operation named: handleUsingGET_1
2026-03-18 08:51:34.777  INFO 1 --- [           main] .d.s.w.r.o.CachingOperationNameGenerator : Generating unique operation named: handleUsingGET_2
2026-03-18 08:51:36.571  INFO 1 --- [           main] order.OrderApplication                   : Started OrderApplication in 142.188 seconds (JVM running for 174.223)
2026-03-18 08:51:37.983  INFO 1 --- [           main] order.service.OrderServiceImpl           : [initOrder][Init Order Success][OrderId: 5ad7750b-a68b-49c0-a8c0-32776b067703]
2026-03-18 08:51:38.066  INFO 1 --- [           main] order.service.OrderServiceImpl           : [initOrder][Init Order Success][OrderId: 8177ac5a-61ac-42f4-83f4-bd7b394d0531]
2026-03-18 08:51:38.083  INFO 1 --- [           main] order.service.OrderServiceImpl           : [initOrder][Init Order Success][OrderId: d3c91694-d5b8-424c-9974-e14c89226e49]
